[piratadigital.com.br/indexaedd.html]
[backblue.gif]
[fade.gif]
[index.html]
[piratadigital.com.br/style6352.css]
[cdnjs.cloudflare.com/ajax/libs/font-awesome/6/all.min.0df7b.delaye]
[connect.facebook.net/en_US/fbevents.js]
[cdnjs.cloudflare.com/ajax/libs/font-awesome/6.4.2//all.min.3.delaye]
[piratadigital.com.br/indexaedd.html]
[cdnjs.cloudflare.com/ajax/libs/font-awesome/6/all.min.0df7b.delaye]
[piratadigital.com.br/style6352.css]
[unpkg.com/lightslider@1.1.6/dist/css/lightslider.css]
[piratadigital.com.br/signals/config/index.html]
[piratadigital.com.br/a]
[piratadigital.com.br/POST]
[piratadigital.com.br/signals/plugins/index.html]
[piratadigital.com.br/b.resolvedLink]
[piratadigital.com.br/schema.org/index.html]
[piratadigital.com.br/d]
[piratadigital.com.br/index.html]
[piratadigital.com.br/signals/iwl.js]
[piratadigital.com.br/signals/iwl0fc5.js]
[piratadigital.com.br/c.dl]
[piratadigital.com.br/c.rl]
[connect.facebook.net/en_US/fbevents.js]
[cdnjs.cloudflare.com/ajax/libs/font-awesome/6.4.2//all.min.3.delaye]
[unpkg.com/lightslider@1.1.6/dist/img/controls.png]
[unpkg.com/lightslider@1.1.6/dist/css/lightslider.css]
[piratadigital.com.br/signals/config/index.html]
[piratadigital.com.br/a.html]
[piratadigital.com.br/signals/plugins/index.html]
[piratadigital.com.br/POST.html]
[piratadigital.com.br/schema.org/index.html]
[piratadigital.com.br/index.html]
[piratadigital.com.br/b.html]
[piratadigital.com.br/d.html]
[piratadigital.com.br/signals/iwl.html]
[piratadigital.com.br/signals/iwl0fc5.html]
[piratadigital.com.br/c.html]
[piratadigital.com.br/c-2.html]
