[piratadigital.com.br/indexaedd.html]
[backblue.gif]
[fade.gif]
[index.html]
[firebasestorage.googleapis.com/v0/b/voltk-homologacao.appspot.com/o/compressed_1756129544859_pirata.png36d1.webp]
[cdnjs.cloudflare.com/ajax/libs/font-awesome/6.4.2/css/all.mindf7b.css]
[piratadigital.com.br/style6352.css]
[connect.facebook.net/en_US/fbevents.js]
[cdnjs.cloudflare.com/ajax/libs/font-awesome/6.4.2/css/all.min.css]
[unpkg.com/lightslider@1.1.6/dist/css/lightslider.css]
[firebasestorage.googleapis.com/v0/b/voltk-homologacao.appspot.com/o/compressed_1755778506320_prts-digitais-logo-sem-fundo.png36d1.webp]
[lastlink.com/p/CA3A67855/checkout-payment/index.html]
[firebasestorage.googleapis.com/v0/b/voltk-homologacao.appspot.com/o/compressed_1755792865999_fundo-story-1.png36d1.webp]
[firebasestorage.googleapis.com/v0/b/voltk-homologacao.appspot.com/o/compressed_1755794525887_fundo-da-pagina-2.png36d1.webp]
[firebasestorage.googleapis.com/v0/b/voltk-homologacao.appspot.com/o/compressed_1755810437388_prt.png36d1.webp]
[firebasestorage.googleapis.com/v0/b/voltk-homologacao.appspot.com/o/compressed_SELO-GARANTIA--4hs0g.png630b.webp]
[firebasestorage.googleapis.com/v0/b/voltk-homologacao.appspot.com/o/compressed_1755863473990_checkout-1.png36d1.webp]
[firebasestorage.googleapis.com/v0/b/voltk-homologacao.appspot.com/o/compressed_1706276205221_paymentsmethods.webpf00f.webp]
[piratadigital.com.br/indexaedd.html]
[cdnjs.cloudflare.com/ajax/libs/font-awesome/6.4.2/css/all.mindf7b.css]
[firebasestorage.googleapis.com/v0/b/voltk-homologacao.appspot.com/o/compressed_1755779130501_fundo-da-pagina.png36d1.webp]
[firebasestorage.googleapis.com/v0/b/voltk-homologacao.appspot.com/o/compressed_1706568793609_fundo-total-infosec.png36d1.webp]
[firebasestorage.googleapis.com/v0/b/voltk-homologacao.appspot.com/o/compressed_1755781579190_fundo-da-pagina-1.png36d1.webp]
[firebasestorage.googleapis.com/v0/b/voltk-homologacao.appspot.com/o/compressed_1700230418823_bgpattern1.png630b.webp]
[firebasestorage.googleapis.com/v0/b/voltk-homologacao.appspot.com/o/compressed_1700248795332_polotno-3.png630b.webp]
[firebasestorage.googleapis.com/v0/b/voltk-homologacao.appspot.com/o/compressed_1697633324695_mapbg.png630b.webp]
[firebasestorage.googleapis.com/v0/b/voltk-homologacao.appspot.com/o/compressed_1696533712052_abstract-hexagons-gray-backdrop-3d-rendering-geometric-polygons-.jpg630b.webp]
[firebasestorage.googleapis.com/v0/b/voltk-homologacao.appspot.com/o/compressed_funfact-bg--eopqo.png630b.webp]
[firebasestorage.googleapis.com/v0/b/voltk-homologacao.appspot.com/o/compressed_1697478959407_bgimg1.png630b.webp]
[firebasestorage.googleapis.com/v0/b/voltk-homologacao.appspot.com/o/compressed_1700167295204_polotno-2.png630b.webp]
[piratadigital.com.br/style6352.css]
[piratadigital.com.br/signals/config/index.html]
[piratadigital.com.br/a.17.delayed]
[piratadigital.com.br/POST]
[piratadigital.com.br/b.resolvedLink]
[piratadigital.com.br/signals/plugins/index.html]
[piratadigital.com.br/d]
[piratadigital.com.br/schema.org/index.html]
[piratadigital.com.br/index.html]
[piratadigital.com.br/signals/iwl.js]
[piratadigital.com.br/signals/iwl0fc5.js]
[piratadigital.com.br/c.dl]
[piratadigital.com.br/c.rl]
[connect.facebook.net/en_US/fbevents.js]
[cdnjs.cloudflare.com/ajax/libs/font-awesome/6.4.2/css/all.min.css]
[unpkg.com/lightslider@1.1.6/dist/img/controls.png]
[unpkg.com/lightslider@1.1.6/dist/css/lightslider.css]
[lastlink-community-prod.s3.amazonaws.com/c8add959-b277-44ad-9a80-f96eb21a0b50/21849b5c-ff88-4c2e-bb29-5c69c13c9f2bbf8e.jpg]
[s1.kwai.net/kos/s101/nlav11187/pixel/events.js]
[s1.kwai.net/kos/s101/nlav11187/pixel/events81f7.js]
[analytics.tiktok.com/i18n/pixel/events.js]
[ajax.googleapis.com/ajax/libs/webfont/1.6.26/webfont.js]
[lastlink.com/p/styles.65103041a464ce24.css]
[lastlink.com/p/runtime.b83fc9f97fc8d3b2.js]
[lastlink.com/p/polyfills.bc110454b5c28140.js]
[lastlink.com/p/CA3A67855/checkout-payment/index.html]
[piratadigital.com.br/signals/config/index.html]
[piratadigital.com.br/a.html]
[piratadigital.com.br/signals/plugins/index.html]
[piratadigital.com.br/POST.html]
[piratadigital.com.br/schema.org/index.html]
[piratadigital.com.br/index.html]
[piratadigital.com.br/b.html]
[piratadigital.com.br/d.html]
[piratadigital.com.br/signals/iwl.html]
[piratadigital.com.br/signals/iwl0fc5.html]
[piratadigital.com.br/c.html]
[piratadigital.com.br/c-2.html]
[lastlink.com/p/success.bb6a8b035fe9e93d.svg]
[lastlink.com/p/main.940aad7b4591d884.js]
[lastlink.com/p/warning.dc988d64f057ded8.svg]
[lastlink.com/p/info.e2fb38b92b32df68.svg]
[lastlink.com/p/error.e0624b55c1277a01.svg]
[lastlink.com/p/fontawesome-webfont.2b13baa7dd4f54c93e6e.html]
[lastlink.com/p/fontawesome-webfont.e9955780856cf8aa3e6e.html]
[lastlink.com/p/fontawesome-webfont.2b13baa7dd4f54c9d41d.eot]
[lastlink.com/p/fontawesome-webfont.cf011583fb81df9f3e6e.html]
[lastlink.com/p/fontawesome-webfont.8a7cb27d142e3e193e6e.html]
[lastlink.com/p/fontawesome-webfont.da909aa098b0ee2d3e6e.html]
[lastlink.com/p/flags.f73aa829a0084837.png]
[lastlink.com/p/flags@2x.2704c069d12ee746.png]
[lastlink.com/p/styles.65103041a464ce24.css]
[lastlink.com/p/success.bb6a8b035fe9e93d.svg]
[lastlink.com/p/warning.dc988d64f057ded8.svg]
[lastlink.com/p/info.e2fb38b92b32df68.svg]
[lastlink.com/p/error.e0624b55c1277a01.svg]
[lastlink.com/p/select-arrow.47f9ea6ba7aaea19.svg]
[lastlink.com/p/down-arrow.6cad7b27e59924cf.svg]
[cdn.prod.website-files.com/62717c428149ca2e5e5f6872/629a667b7823684e76757431_lastlink-social-image.jpg]
[lastlink.com/p/fontawesome-webfont.2b13baa7dd4f54c93e6e.html]
[lastlink.com/p/fontawesome-webfont.e9955780856cf8aa3e6e.html]
[lastlink.com/p/fontawesome-webfont.cf011583fb81df9f3e6e.html]
[lastlink.com/p/fontawesome-webfont.8a7cb27d142e3e193e6e.html]
[lastlink.com/p/fontawesome-webfont.da909aa098b0ee2d3e6e.html]
